C51 COMPILER V9.52.0.0   I2C                                                               02/22/2019 20:06:03 PAGE 1   


C51 COMPILER V9.52.0.0, COMPILATION OF MODULE I2C
OBJECT MODULE PLACED IN .\objects\i2c.obj
COMPILER INVOKED BY: C:\Keil\C51\BIN\C51.EXE rtc\i2c.c LARGE BROWSE INCDIR(.\eeprom;.\IR;.\uart;.\delay;.\buzzer;.\rtc;.
                    -\pw_switch;.\time2) DEBUG OBJECTEXTEND PRINT(.\objects\i2c.lst) TABS(2) OBJECT(.\objects\i2c.obj)

line level    source

   1          #include "i2c.h"
   2          
   3          #define RTC_PCF8563_SADDR       (0xA2>>1)
   4          #define RTC_PCF8563_RADDR       (0xA3>>1)
   5          
   6          
   7          /*******************************************************************************
   8          * 函 数 名         : Delay1us()
   9          * 函数功能         : 延时
  10          * 输    入         : 无
  11          * 输    出         : 无
  12          *******************************************************************************/
  13          
  14          void I2C_Delay10us()
  15          {
  16   1        uchar a, b;
  17   1        for(b=1; b>0; b--)
  18   1        {
  19   2          for(a=2; a>0; a--);
  20   2        }
  21   1      }
  22          /*******************************************************************************
  23          * 函 数 名         : I2C_Start()
  24          * 函数功能         : 起始信号：在I2C_SCL时钟信号在高电平期间I2C_SDA信号产生一个下降沿
  25          * 输    入         : 无
  26          * 输    出         : 无
  27          * 备    注         : 起始之后I2C_SDA和I2C_SCL都为0
  28          *******************************************************************************/
  29          
  30          void I2C_Start()
  31          {
  32   1        I2C_SDA = 1;
  33   1        I2C_Delay10us();
  34   1        I2C_SCL = 1;
  35   1        I2C_Delay10us();//建立时间是I2C_SDA保持时间>4.7us
  36   1        I2C_SDA = 0;
  37   1        I2C_Delay10us();//保持时间是>4us
  38   1        I2C_SCL = 0;      
  39   1        I2C_Delay10us();    
  40   1      }
  41          /*******************************************************************************
  42          * 函 数 名           : I2C_Stop()
  43          * 函数功能           : 终止信号：在I2C_SCL时钟信号高电平期间I2C_SDA信号产生一个上升沿
  44          * 输    入           : 无
  45          * 输    出           : 无
  46          * 备    注           : 结束之后保持I2C_SDA和I2C_SCL都为1；表示总线空闲
  47          *******************************************************************************/
  48          
  49          void I2C_Stop()
  50          {
  51   1        I2C_SDA = 0;
  52   1        I2C_Delay10us();
  53   1        I2C_SCL = 1;
  54   1        I2C_Delay10us();//建立时间大于4.7us
C51 COMPILER V9.52.0.0   I2C                                                               02/22/2019 20:06:03 PAGE 2   

  55   1        I2C_SDA = 1;
  56   1        I2C_Delay10us();  
  57   1        
  58   1      }
  59          /*******************************************************************************
  60          * 函 数 名           : I2cSendByte(uchar num)
  61          * 函数功能           : 通过I2C发送一个字节。在I2C_SCL时钟信号高电平期间，
  62          *                    * 保持发送信号I2C_SDA保持稳定
  63          * 输    入           : num ,ack
  64          * 输    出           : 0或1。发送成功返回1，发送失败返回0
  65          * 备    注           : 发送完一个字节I2C_SCL=0, 需要应答则应答设置为1，否则为0
  66          *******************************************************************************/
  67          
  68          uchar I2C_SendByte(uchar dat, uchar ack)
  69          {
  70   1        uchar a = 0,b = 0;//最大255，一个机器周期为1us，最大延时255us。
  71   1        // 为了保证时序正确，这里应该加一句 SCL = 0;    
  72   1        for(a=0; a<8; a++)//要发送8位，从最高位开始
  73   1        {
  74   2          I2C_SDA = dat >> 7;  //起始信号之后I2C_SCL=0，所以可以直接改变I2C_SDA信号
  75   2          dat = dat << 1;
  76   2          I2C_Delay10us();
  77   2          I2C_SCL = 1;
  78   2          I2C_Delay10us();//建立时间>4.7us
  79   2          I2C_SCL = 0;
  80   2          I2C_Delay10us();//时间大于4us   
  81   2        }
  82   1      
  83   1        I2C_SDA = 1;      // 主设备释放SDA线给从设备去操作
  84   1        I2C_Delay10us();
  85   1        I2C_SCL = 1;      // 主设备开始了第9个周期
  86   1        while(I2C_SDA && (ack == 1))//等待应答，也就是等待从设备把I2C_SDA拉低
  87   1        {
  88   2          b++;
  89   2          if(b > 200)  //如果超过200us没有应答发送失败，或者为非应答，表示接收结束
  90   2          {
  91   3            I2C_SCL = 0;
  92   3            I2C_Delay10us();
  93   3            return 0;
  94   3          }
  95   2        }
  96   1      
  97   1        I2C_SCL = 0;
  98   1        I2C_Delay10us();
  99   1        return 1;   
 100   1      }
 101          /*******************************************************************************
 102          * 函 数 名         : I2cReadByte()
 103          * 函数功能         : 使用I2c读取一个字节
 104          * 输    入         : 无
 105          * 输    出         : dat
 106          * 备    注         : 接收完一个字节I2C_SCL=0
 107          *******************************************************************************/
 108          
 109          uchar I2C_ReadByte()
 110          {
 111   1        uchar a = 0,dat = 0;
 112   1        I2C_SDA = 1;      //起始和发送一个字节之后I2C_SCL都是0
 113   1        I2C_Delay10us();
 114   1        // 按道理这里应该有一个SCL = 0的
 115   1        for(a=0; a<8; a++)//接收8个字节
 116   1        {
C51 COMPILER V9.52.0.0   I2C                                                               02/22/2019 20:06:03 PAGE 3   

 117   2          I2C_SCL = 1;    // 通知从设备我要开始读了，可以放1bit数据到SDA了
 118   2          I2C_Delay10us();
 119   2          dat <<= 1;      // 读取的时候是高位在前的
 120   2          dat |= I2C_SDA;
 121   2          I2C_Delay10us();
 122   2          I2C_SCL = 0;    // 拉低，为下一个bit的周期做准备
 123   2          I2C_Delay10us();
 124   2        }
 125   1        return dat;   
 126   1      }
 127          
 128          /******************************************
 129          *函数名称：I2C_WriteReg
 130          *输入参数：寄存器写入地址和要写入的数据
 131          *输出参数：无
 132          *函数功能：向指定的寄存器写入数据
 133          *备    注：
 134          *******************************************/
 135          
 136          
 137          void I2C_WriteReg(unsigned char addr,unsigned char *dat)
 138          {
 139   1        I2C_Start();
 140   1        I2C_SendByte(RTC_PCF8563_SADDR, 1);
 141   1        I2C_SendByte(addr, 1);
 142   1        I2C_SendByte(*dat, 0);  
 143   1        I2C_Stop();
 144   1      }
 145          /******************************************
 146          *函数名称：I2C_ReadReg
 147          *输入参数：iic读取地址，dat数据缓冲区
 148          *输出参数：无
 149          *函数功能：读取寄存器地址上的数据
 150          *备    注：
 151          *******************************************/
 152          
 153          void I2C_ReadReg(unsigned char addr,unsigned char *dat)
 154          {
 155   1      
 156   1        I2C_Start();
 157   1        I2C_SendByte(RTC_PCF8563_SADDR, 1); 
 158   1        I2C_SendByte(addr, 1); 
 159   1        
 160   1        I2C_Start();
 161   1        I2C_SendByte(RTC_PCF8563_RADDR, 1); 
 162   1        
 163   1        *dat=I2C_ReadByte(); 
 164   1        
 165   1        I2C_Stop();
 166   1        
 167   1      }


MODULE INFORMATION:   STATIC OVERLAYABLE
   CODE SIZE        =    240    ----
   CONSTANT SIZE    =   ----    ----
   XDATA SIZE       =   ----       6
   PDATA SIZE       =   ----    ----
   DATA SIZE        =   ----    ----
   IDATA SIZE       =   ----    ----
   BIT SIZE         =   ----    ----
END OF MODULE INFORMATION.

C51 COMPILER V9.52.0.0   I2C                                                               02/22/2019 20:06:03 PAGE 4   


C51 COMPILATION COMPLETE.  0 WARNING(S),  0 ERROR(S)
